    4454  README.md
    8691  WORKORDER-STATUS.md
    6069  audit/ledger/cup-2021-22.txt
    8450  audit/ledger/cup-2022-23.txt
    8033  audit/ledger/cup-2023-24.txt
   10921  audit/ledger/cz1-2021-22.txt
   10806  audit/ledger/cz1-2022-23.txt
   11149  audit/ledger/cz1-2023-24.txt
    7934  audit/ledger/cz1-2ndidx-2021-22.txt
    7496  audit/ledger/cz1-2ndidx-2022-23.txt
    7632  audit/ledger/cz1-2ndidx-2023-24.txt
   10701  audit/ledger/cz1-venues.txt
    8615  audit/ledger/rpl-2021-22.txt
    9033  audit/ledger/rpl-2022-23.txt
    8895  audit/ledger/rpl-2023-24.txt
    9854  audit/ledger/rpl-venues.txt
   12570  audit/pack-validation-rpl.txt
   13431  audit/pack-validation.txt
   11021  audit/validation-report.txt
   29266  data/rpl/RPL-2021-22.csv
   29600  data/rpl/RPL-2022-23.csv
   29532  data/rpl/RPL-2023-24.csv
   29794  data/rpl/RPL-2024-25.csv
   25558  data/rpl/RPL-2025-26.csv
  143338  data/rpl/rpl_all_2021-2026.csv
   17731  docs/AUDIT.md
    4601  docs/DATA-DICTIONARY.md
    2853  docs/seasons/RPL-2021-22.md
    3287  docs/seasons/RPL-2022-23.md
    3574  docs/seasons/RPL-2023-24.md
    3458  docs/seasons/RPL-2024-25.md
    2763  docs/seasons/RPL-2025-26.md
  125638  handoffs/RPL-2021-2026_BP-TEAM-PACK_v2.txt
   49966  handoffs/RUSCUP-2021-2026_BP-TEAM-PACK_v2.txt
    1863  supervisor/ERRATA-2026-08-03.as-relayed.md
    3620  supervisor/README.md
    8396  supervisor/workorders/WORKORDER-CZ1-2021-2026-5YSPAN.md
    5380  supervisor/workorders/WORKORDER-EPL-2021-2026-5YSPAN.md
    5314  supervisor/workorders/WORKORDER-FRA-2021-2026-5YSPAN.md
    5457  supervisor/workorders/WORKORDER-GER-2021-2026-5YSPAN.md
    5179  supervisor/workorders/WORKORDER-ITA-2021-2026-5YSPAN.md
    8402  supervisor/workorders/WORKORDER-KOS-2021-2026-5YSPAN.md
    4421  supervisor/workorders/WORKORDER-KOSCUP-2021-2026-5YSPAN.md
   11848  supervisor/workorders/WORKORDER-MLS-2021-2026-5YSPAN.md
    7260  supervisor/workorders/WORKORDER-MOLCUP-2021-2026-5YSPAN.md
    6662  supervisor/workorders/WORKORDER-RPL-2021-2026-5YSPAN.md
    7308  supervisor/workorders/WORKORDER-RUSCUP-2021-2026-5YSPAN.md
    9095  supervisor/workorders/WORKORDER-SCO1-2021-2026-5YSPAN.md
    5164  supervisor/workorders/WORKORDER-SCOCUP-2021-2026-5YSPAN.md
    4573  supervisor/workorders/WORKORDER-SCOLC-2021-2026-5YSPAN.md
    5257  supervisor/workorders/WORKORDER-SPA-2021-2026-5YSPAN.md
    7137  supervisor/workorders/WORKORDER-USOC-2021-2026-5YSPAN.md
    4897  supervisor/workorders/archive/WORKORDER-RPL-2021-24-BACKFILL.md
   16106  tools/assemble_validate.py
   52773  tools/build_pack.py
   42882  tools/build_rpl_pack.py
