files: 19
README.md 15
Supervior/Handoff/WORKORDER-RPL-2021-24-BACKFILL.md 4897
Supervior/README.md 1186
WORKORDER-CZ1-2021-2026-5YSPAN.md 8396
WORKORDER-EPL-2021-2026-5YSPAN.md 5380
WORKORDER-FRA-2021-2026-5YSPAN.md 5314
WORKORDER-GER-2021-2026-5YSPAN.md 5457
WORKORDER-ITA-2021-2026-5YSPAN.md 5179
WORKORDER-KOS-2021-2026-5YSPAN.md 8402
WORKORDER-KOSCUP-2021-2026-5YSPAN.md 4421
WORKORDER-MLS-2021-2026-5YSPAN.md 11848
WORKORDER-MOLCUP-2021-2026-5YSPAN.md 7260
WORKORDER-RPL-2021-2026-5YSPAN.md 6662
WORKORDER-RUSCUP-2021-2026-5YSPAN.md 7308
WORKORDER-SCO1-2021-2026-5YSPAN.md 9095
WORKORDER-SCOCUP-2021-2026-5YSPAN.md 5164
WORKORDER-SCOLC-2021-2026-5YSPAN.md 4573
WORKORDER-SPA-2021-2026-5YSPAN.md 5257
WORKORDER-USOC-2021-2026-5YSPAN.md 7137
