count: 21
blob README.md 15
tree Supervior 
tree Supervior/Handoff 
blob Supervior/Handoff/WORKORDER-RPL-2021-24-BACKFILL.md 4897
blob Supervior/README.md 1186
blob WORKORDER-CZ1-2021-2026-5YSPAN.md 8396
blob WORKORDER-EPL-2021-2026-5YSPAN.md 5380
blob WORKORDER-FRA-2021-2026-5YSPAN.md 5314
blob WORKORDER-GER-2021-2026-5YSPAN.md 5457
blob WORKORDER-ITA-2021-2026-5YSPAN.md 5179
blob WORKORDER-KOS-2021-2026-5YSPAN.md 8402
blob WORKORDER-KOSCUP-2021-2026-5YSPAN.md 4421
blob WORKORDER-MLS-2021-2026-5YSPAN.md 11848
blob WORKORDER-MOLCUP-2021-2026-5YSPAN.md 7260
blob WORKORDER-RPL-2021-2026-5YSPAN.md 6662
blob WORKORDER-RUSCUP-2021-2026-5YSPAN.md 7308
blob WORKORDER-SCO1-2021-2026-5YSPAN.md 9095
blob WORKORDER-SCOCUP-2021-2026-5YSPAN.md 5164
blob WORKORDER-SCOLC-2021-2026-5YSPAN.md 4573
blob WORKORDER-SPA-2021-2026-5YSPAN.md 5257
blob WORKORDER-USOC-2021-2026-5YSPAN.md 7137
